{
  "version": "1.5.0",
  "plugins_used": [
    {
      "name": "ArtifactoryDetector"
    },
    {
      "name": "AWSKeyDetector"
    },
    {
      "name": "AzureStorageKeyDetector"
    },
    {
      "name": "Base64HighEntropyString",
      "limit": 4.5
    },
    {
      "name": "BasicAuthDetector"
    },
    {
      "name": "CloudantDetector"
    },
    {
      "name": "DiscordBotTokenDetector"
    },
    {
      "name": "GitHubTokenDetector"
    },
    {
      "name": "GitLabTokenDetector"
    },
    {
      "name": "HexHighEntropyString",
      "limit": 3.0
    },
    {
      "name": "IbmCloudIamDetector"
    },
    {
      "name": "IbmCosHmacDetector"
    },
    {
      "name": "IPPublicDetector"
    },
    {
      "name": "JwtTokenDetector"
    },
    {
      "name": "KeywordDetector",
      "keyword_exclude": ""
    },
    {
      "name": "MailchimpDetector"
    },
    {
      "name": "NpmDetector"
    },
    {
      "name": "OpenAIDetector"
    },
    {
      "name": "PrivateKeyDetector"
    },
    {
      "name": "PypiTokenDetector"
    },
    {
      "name": "SendGridDetector"
    },
    {
      "name": "SlackDetector"
    },
    {
      "name": "SoftlayerDetector"
    },
    {
      "name": "SquareOAuthDetector"
    },
    {
      "name": "StripeDetector"
    },
    {
      "name": "TelegramBotTokenDetector"
    },
    {
      "name": "TwilioKeyDetector"
    }
  ],
  "filters_used": [
    {
      "path": "detect_secrets.filters.allowlist.is_line_allowlisted"
    },
    {
      "path": "detect_secrets.filters.common.is_baseline_file",
      "filename": ".secrets.baseline"
    },
    {
      "path": "detect_secrets.filters.common.is_ignored_due_to_verification_policies",
      "min_level": 2
    },
    {
      "path": "detect_secrets.filters.heuristic.is_indirect_reference"
    },
    {
      "path": "detect_secrets.filters.heuristic.is_likely_id_string"
    },
    {
      "path": "detect_secrets.filters.heuristic.is_lock_file"
    },
    {
      "path": "detect_secrets.filters.heuristic.is_not_alphanumeric_string"
    },
    {
      "path": "detect_secrets.filters.heuristic.is_potential_uuid"
    },
    {
      "path": "detect_secrets.filters.heuristic.is_prefixed_with_dollar_sign"
    },
    {
      "path": "detect_secrets.filters.heuristic.is_sequential_string"
    },
    {
      "path": "detect_secrets.filters.heuristic.is_swagger_file"
    },
    {
      "path": "detect_secrets.filters.heuristic.is_templated_secret"
    },
    {
      "path": "detect_secrets.filters.regex.should_exclude_file",
      "pattern": [
        "^(\\.git/|\\.venv)"
      ]
    }
  ],
  "results": {
    "custom_components/lsa_saf/const.py": [
      {
        "type": "Secret Keyword",
        "filename": "custom_components/lsa_saf/const.py",
        "hashed_secret": "5baa61e4c9b93f3f0682250b6cf8331b7ee68fd8",
        "is_verified": false,
        "line_number": 11
      }
    ],
    "custom_components/lsa_saf/strings.json": [
      {
        "type": "Secret Keyword",
        "filename": "custom_components/lsa_saf/strings.json",
        "hashed_secret": "8be3c943b1609fffbfc51aad666d0a04adf83c9d",
        "is_verified": false,
        "line_number": 10
      },
      {
        "type": "Secret Keyword",
        "filename": "custom_components/lsa_saf/strings.json",
        "hashed_secret": "f673632e5c7f95e73ba18a8c781b856db28c0cc3",
        "is_verified": false,
        "line_number": 14
      },
      {
        "type": "Secret Keyword",
        "filename": "custom_components/lsa_saf/strings.json",
        "hashed_secret": "87a80a1e505f0457e6ad8172960a8b94647bca7a",
        "is_verified": false,
        "line_number": 26
      }
    ],
    "custom_components/lsa_saf/translations/de.json": [
      {
        "type": "Secret Keyword",
        "filename": "custom_components/lsa_saf/translations/de.json",
        "hashed_secret": "0719708d1cc814839bd818fdc27d446652f03383",
        "is_verified": false,
        "line_number": 8
      },
      {
        "type": "Secret Keyword",
        "filename": "custom_components/lsa_saf/translations/de.json",
        "hashed_secret": "f352a2adf0721fd6c139b3b708c97418db3f2b27",
        "is_verified": false,
        "line_number": 9
      },
      {
        "type": "Secret Keyword",
        "filename": "custom_components/lsa_saf/translations/de.json",
        "hashed_secret": "beb5d0654e9308e06060e4c7b0e4fed87f9c4c28",
        "is_verified": false,
        "line_number": 15
      }
    ],
    "custom_components/lsa_saf/translations/en.json": [
      {
        "type": "Secret Keyword",
        "filename": "custom_components/lsa_saf/translations/en.json",
        "hashed_secret": "8be3c943b1609fffbfc51aad666d0a04adf83c9d",
        "is_verified": false,
        "line_number": 10
      },
      {
        "type": "Secret Keyword",
        "filename": "custom_components/lsa_saf/translations/en.json",
        "hashed_secret": "f673632e5c7f95e73ba18a8c781b856db28c0cc3",
        "is_verified": false,
        "line_number": 14
      },
      {
        "type": "Secret Keyword",
        "filename": "custom_components/lsa_saf/translations/en.json",
        "hashed_secret": "87a80a1e505f0457e6ad8172960a8b94647bca7a",
        "is_verified": false,
        "line_number": 26
      }
    ],
    "custom_components/lsa_saf/translations/es.json": [
      {
        "type": "Secret Keyword",
        "filename": "custom_components/lsa_saf/translations/es.json",
        "hashed_secret": "5a6d1c612954979ea99ee33dbb2d231b00f6ac0a",
        "is_verified": false,
        "line_number": 8
      },
      {
        "type": "Secret Keyword",
        "filename": "custom_components/lsa_saf/translations/es.json",
        "hashed_secret": "c7489765f1f9247e841a31fcb6e7d68b9cf75dec",
        "is_verified": false,
        "line_number": 9
      },
      {
        "type": "Secret Keyword",
        "filename": "custom_components/lsa_saf/translations/es.json",
        "hashed_secret": "0542d3d003c81209f07946611b3848166fd7f33a",
        "is_verified": false,
        "line_number": 15
      }
    ],
    "custom_components/lsa_saf/translations/fr.json": [
      {
        "type": "Secret Keyword",
        "filename": "custom_components/lsa_saf/translations/fr.json",
        "hashed_secret": "94e2f3ee14b92e2e675a8f6118d28738dbf5c6ba",
        "is_verified": false,
        "line_number": 8
      },
      {
        "type": "Secret Keyword",
        "filename": "custom_components/lsa_saf/translations/fr.json",
        "hashed_secret": "bf1dab6af875f1cbf84834c305deed577c17a64b",
        "is_verified": false,
        "line_number": 9
      },
      {
        "type": "Secret Keyword",
        "filename": "custom_components/lsa_saf/translations/fr.json",
        "hashed_secret": "913f678e024f177607e2d0fb7cdffbf0d6e6125b",
        "is_verified": false,
        "line_number": 15
      }
    ],
    "custom_components/lsa_saf/translations/hu.json": [
      {
        "type": "Secret Keyword",
        "filename": "custom_components/lsa_saf/translations/hu.json",
        "hashed_secret": "5737d7a5fce8d937c7a963fd0385e320d326ebd5",
        "is_verified": false,
        "line_number": 10
      },
      {
        "type": "Secret Keyword",
        "filename": "custom_components/lsa_saf/translations/hu.json",
        "hashed_secret": "dd252e3e5dd2125716291ca51a76e6a8748e4aa8",
        "is_verified": false,
        "line_number": 14
      },
      {
        "type": "Secret Keyword",
        "filename": "custom_components/lsa_saf/translations/hu.json",
        "hashed_secret": "0a929ba637e2b49a55b634ee589852a04b2cd5f6",
        "is_verified": false,
        "line_number": 26
      }
    ],
    "custom_components/lsa_saf/translations/it.json": [
      {
        "type": "Secret Keyword",
        "filename": "custom_components/lsa_saf/translations/it.json",
        "hashed_secret": "8be3c943b1609fffbfc51aad666d0a04adf83c9d",
        "is_verified": false,
        "line_number": 8
      },
      {
        "type": "Secret Keyword",
        "filename": "custom_components/lsa_saf/translations/it.json",
        "hashed_secret": "f6b83f33b83125983aa35c60ab3fa6efd2f2b53e",
        "is_verified": false,
        "line_number": 9
      },
      {
        "type": "Secret Keyword",
        "filename": "custom_components/lsa_saf/translations/it.json",
        "hashed_secret": "125f0f19b8ffb4f0c4e67dddf586ab6bdcf84c3a",
        "is_verified": false,
        "line_number": 15
      }
    ],
    "tests/test_config_flow.py": [
      {
        "type": "Secret Keyword",
        "filename": "tests/test_config_flow.py",
        "hashed_secret": "206c80413b9a96c1312cc346b7d2517b84463edd",
        "is_verified": false,
        "line_number": 37
      },
      {
        "type": "Secret Keyword",
        "filename": "tests/test_config_flow.py",
        "hashed_secret": "6c55803d6f1d7a177a0db3eb4b343b0d50f9c111",
        "is_verified": false,
        "line_number": 38
      },
      {
        "type": "Secret Keyword",
        "filename": "tests/test_config_flow.py",
        "hashed_secret": "1902e3d6fc4e78a0bcc50ba12b882769afbf4a8c",
        "is_verified": false,
        "line_number": 108
      }
    ],
    "tests/test_parser.py": [
      {
        "type": "Basic Auth Credentials",
        "filename": "tests/test_parser.py",
        "hashed_secret": "9d4e1e23bd5b727046a9e3b4b7db57bd8d6ee684",
        "is_verified": false,
        "line_number": 41
      }
    ]
  },
  "generated_at": "2026-08-28T11:06:45Z"
}
