{
  "version": "1.5.0",
  "plugins_used": [
    {
      "name": "ArtifactoryDetector"
    },
    {
      "name": "AWSKeyDetector"
    },
    {
      "name": "AzureStorageKeyDetector"
    },
    {
      "name": "Base64HighEntropyString",
      "limit": 4.5
    },
    {
      "name": "BasicAuthDetector"
    },
    {
      "name": "CloudantDetector"
    },
    {
      "name": "DiscordBotTokenDetector"
    },
    {
      "name": "GitHubTokenDetector"
    },
    {
      "name": "GitLabTokenDetector"
    },
    {
      "name": "HexHighEntropyString",
      "limit": 3.0
    },
    {
      "name": "IbmCloudIamDetector"
    },
    {
      "name": "IbmCosHmacDetector"
    },
    {
      "name": "IPPublicDetector"
    },
    {
      "name": "JwtTokenDetector"
    },
    {
      "name": "KeywordDetector",
      "keyword_exclude": ""
    },
    {
      "name": "MailchimpDetector"
    },
    {
      "name": "NpmDetector"
    },
    {
      "name": "OpenAIDetector"
    },
    {
      "name": "PrivateKeyDetector"
    },
    {
      "name": "PypiTokenDetector"
    },
    {
      "name": "SendGridDetector"
    },
    {
      "name": "SlackDetector"
    },
    {
      "name": "SoftlayerDetector"
    },
    {
      "name": "SquareOAuthDetector"
    },
    {
      "name": "StripeDetector"
    },
    {
      "name": "TelegramBotTokenDetector"
    },
    {
      "name": "TwilioKeyDetector"
    }
  ],
  "filters_used": [
    {
      "path": "detect_secrets.filters.allowlist.is_line_allowlisted"
    },
    {
      "path": "detect_secrets.filters.common.is_baseline_file",
      "filename": ".secrets.baseline"
    },
    {
      "path": "detect_secrets.filters.common.is_ignored_due_to_verification_policies",
      "min_level": 2
    },
    {
      "path": "detect_secrets.filters.heuristic.is_indirect_reference"
    },
    {
      "path": "detect_secrets.filters.heuristic.is_likely_id_string"
    },
    {
      "path": "detect_secrets.filters.heuristic.is_lock_file"
    },
    {
      "path": "detect_secrets.filters.heuristic.is_not_alphanumeric_string"
    },
    {
      "path": "detect_secrets.filters.heuristic.is_potential_uuid"
    },
    {
      "path": "detect_secrets.filters.heuristic.is_prefixed_with_dollar_sign"
    },
    {
      "path": "detect_secrets.filters.heuristic.is_sequential_string"
    },
    {
      "path": "detect_secrets.filters.heuristic.is_swagger_file"
    },
    {
      "path": "detect_secrets.filters.heuristic.is_templated_secret"
    },
    {
      "path": "detect_secrets.filters.regex.should_exclude_file",
      "pattern": [
        "^(\\.git/|\\.venv)"
      ]
    }
  ],
  "results": {
    "custom_components/lsa_saf/const.py": [
      {
        "type": "Secret Keyword",
        "filename": "custom_components/lsa_saf/const.py",
        "hashed_secret": "5baa61e4c9b93f3f0682250b6cf8331b7ee68fd8",
        "is_verified": false,
        "line_number": 11
      }
    ],
    "custom_components/lsa_saf/strings.json": [
      {
        "type": "Secret Keyword",
        "filename": "custom_components/lsa_saf/strings.json",
        "hashed_secret": "8be3c943b1609fffbfc51aad666d0a04adf83c9d",
        "is_verified": false,
        "line_number": 10
      },
      {
        "type": "Secret Keyword",
        "filename": "custom_components/lsa_saf/strings.json",
        "hashed_secret": "f673632e5c7f95e73ba18a8c781b856db28c0cc3",
        "is_verified": false,
        "line_number": 14
      },
      {
        "type": "Secret Keyword",
        "filename": "custom_components/lsa_saf/strings.json",
        "hashed_secret": "87a80a1e505f0457e6ad8172960a8b94647bca7a",
        "is_verified": false,
        "line_number": 26
      }
    ],
    "custom_components/lsa_saf/translations/en.json": [
      {
        "type": "Secret Keyword",
        "filename": "custom_components/lsa_saf/translations/en.json",
        "hashed_secret": "8be3c943b1609fffbfc51aad666d0a04adf83c9d",
        "is_verified": false,
        "line_number": 10
      },
      {
        "type": "Secret Keyword",
        "filename": "custom_components/lsa_saf/translations/en.json",
        "hashed_secret": "f673632e5c7f95e73ba18a8c781b856db28c0cc3",
        "is_verified": false,
        "line_number": 14
      },
      {
        "type": "Secret Keyword",
        "filename": "custom_components/lsa_saf/translations/en.json",
        "hashed_secret": "87a80a1e505f0457e6ad8172960a8b94647bca7a",
        "is_verified": false,
        "line_number": 26
      }
    ],
    "custom_components/lsa_saf/translations/hu.json": [
      {
        "type": "Secret Keyword",
        "filename": "custom_components/lsa_saf/translations/hu.json",
        "hashed_secret": "5737d7a5fce8d937c7a963fd0385e320d326ebd5",
        "is_verified": false,
        "line_number": 10
      },
      {
        "type": "Secret Keyword",
        "filename": "custom_components/lsa_saf/translations/hu.json",
        "hashed_secret": "dd252e3e5dd2125716291ca51a76e6a8748e4aa8",
        "is_verified": false,
        "line_number": 14
      },
      {
        "type": "Secret Keyword",
        "filename": "custom_components/lsa_saf/translations/hu.json",
        "hashed_secret": "0a929ba637e2b49a55b634ee589852a04b2cd5f6",
        "is_verified": false,
        "line_number": 26
      }
    ],
    "tests/test_config_flow.py": [
      {
        "type": "Secret Keyword",
        "filename": "tests/test_config_flow.py",
        "hashed_secret": "206c80413b9a96c1312cc346b7d2517b84463edd",
        "is_verified": false,
        "line_number": 31
      },
      {
        "type": "Secret Keyword",
        "filename": "tests/test_config_flow.py",
        "hashed_secret": "6c55803d6f1d7a177a0db3eb4b343b0d50f9c111",
        "is_verified": false,
        "line_number": 32
      },
      {
        "type": "Secret Keyword",
        "filename": "tests/test_config_flow.py",
        "hashed_secret": "1902e3d6fc4e78a0bcc50ba12b882769afbf4a8c",
        "is_verified": false,
        "line_number": 97
      }
    ],
    "tests/test_parser.py": [
      {
        "type": "Basic Auth Credentials",
        "filename": "tests/test_parser.py",
        "hashed_secret": "9d4e1e23bd5b727046a9e3b4b7db57bd8d6ee684",
        "is_verified": false,
        "line_number": 41
      }
    ]
  },
  "generated_at": "2026-08-24T22:08:37Z"
}
